1909
1902
1921
1913
1919
2010
2029
1925
1931
1985
2053
1999
1937
1934
1938
1928
1922
1917
1917
1923
1901
1900
1878
1878
1874
1874
1874
1879
1879
1879
1877
1876
1876
1876
1876
1879
1888
1887
1888
1879
1879
1874
1883
1882
1876
1874
1869
1871
1878
1871
1876
1884
1880
1889
1883
1879
1876
1878
1874
1873
1873
1873
1880
1882
1883
1881
1881
1881
1881
1881
1881
1881
1881
1881
1881
1886
1882
1881
1881
1881
1881
1881
1881
1888
1897
1919
1981
1987
1929
1926
2039
2081
2072
1981
1913
1897
1913
1906
1906
1906
1914
1938
1915
1925
1920
1902
1897
1881
1890
1890
1888
1887
1890
1888
1891
1892
1904
1897
1888
1887
1882
1881
1889
1893
1906
1900
1891
1883
1882
1888
1888
1959
1976
1985
1901
1890
1887
1885
1885
1890
1886
1886
1883
1891
1887
1899
1904
1897
1896
1897
1900
1903
1894
1893
1888
1889
1889
1889
1896
1897
1888
1898
1893
1893
1883
1894
1899
1904
1896
1896
1900
1940
1908
1889
1883
1887
1898
1894
1877
1920
1922
1897
1897
1896
1897
1897
1903
1906
1929
1920
1915
1907
1906
1906
1905
1902
1902
1902
1911
1916
1906
1927
1932
1933
1936
1917
1906
1896
1888
1887
1887
1887
1887
1887
1887
1887
1887
1887
1887
1887
1887
1887
1886
1886
1886
1886
1886
1886
1886
1886
1886
1886
1886
1886
1886
1886
1886
1886
1886
1886
1886
1886
1886
1886
1886
1886
1886
1886
1909
1908
1888
1882
1882
1906
1909
1900
1896
1893
2015
2034
2021
2015
2002
1998
1993
1983
2054
2045
2058
2019
2016
2003
1994
1985
1983
1974
1974
1974
1972
1970
1970
1970
1976
1974
1977
1978
1976
1976
1976
1974
1973
1976
1976
1976
1973
1973
1976
1976
2484
2495
2523
2551
2579
2605
2607
2607
2607
2607
2615
7098
7273
7275
7275
7277
7277
7277
7277
7277
7277
7277
7277
7277
7277
7277
7277
7277
7277
7277
7275
7282
7282
7282
7282
7280
7283
7283
7283
7283
7283
7283
7283
7283
7283
7283
7283
7283
7283
7283
7281
7283
7283
7285
7285
7285
7283
7283
7283
7283
7283
7283
7283
7283
7283
7281
7283
7283
7283
7283
7281
7283
7283
7283
7283
7281
7283
1156
1157
1152
1152
1152
1152
1152
1151
1152
1152
1152
1151
1151
1151
1151
1151
1152
1155
1153
1156
1155
1157
1154
