1418
1418
1423
1423
1423
1423
1423
1423
1423
1423
1423
1423
1423
1421
1421
1421
1421
1421
1421
1421
1421
1421
1421
1421
1421
1421
1421
1421
1421
1421
1421
1421
1421
1421
1421
1421
1421
1421
1421
1421
1421
1421
1421
1421
1421
1421
1421
1421
1421
1421
1421
1421
1421
1421
1421
1421
1421
1421
1421
1421
1421
1421
1421
1421
1421
1421
1421
1421
1421
1421
1421
1421
1421
1421
1421
1421
1421
1421
1421
1421
1421
1421
1421
1421
1421
1421
1436
1436
1521
1512
1494
1495
1495
1495
1495
1495
1495
1495
1495
1495
1496
1513
1514
1525
1505
1502
1490
1498
1567
1532
1527
1519
1515
1511
1548
1548
1637
1682
1680
1641
1652
1644
1644
1644
1647
1645
1644
1644
1670
1643
1647
1649
1650
1624
1625
1625
1625
1627
1615
1621
1620
1618
1617
1617
1602
1602
1605
1605
1605
1605
1605
1605
1605
1605
1605
1603
1603
1603
1603
1603
1603
1603
1603
1603
1603
1605
1605
1605
1605
1605
1605
1603
1603
1603
1603
1603
1605
1605
1605
1605
1603
1603
1603
1603
1603
1603
1603
1603
1603
1603
1603
1603
1603
1605
1605
1605
1603
1603
1603
1603
1603
1603
1603
4170
4170
4170
4184
4186
4186
4190
4161
4159
4161
4163
4165
4167
4167
4169
4171
4173
4175
4175
4179
4181
4181
4183
4185
4187
4189
4191
4193
4195
4197
4199
4259
4271
4271
4271
4271
4517
4568
4568
4288
4288
4288
4288
4568
4568
4288
4288
4288
4572
4572
4288
4288
4288
4568
4568
4287
4287
4287
4521
4569
4569
4294
4293
4293
4295
4575
4575
4294
4292
4291
4294
4294
4292
4293
4573
4570
4290
4290
4290
4322
4322
4344
4621
4341
4341
4342
4342
4620
4622
4335
4335
4615
4335
4335
4517
4615
4335
4517
4615
4335
4335
4335
4615
4335
4335
4359
4639
4642
4362
4362
4537
4620
4336
4335
4324
4323
4601
4321
4285
4328
4289
4280
4553
4540
4260
4260
4260
4261
4550
4271
4277
4278
4271
4554
4282
4282
4269
4342
4652
4651
4364
4340
4305
4314
4298
4522
4560
4274
4289
4308
4315
4543
4588
4303
4295
4362
4581
4567
4282
4379
4615
4606
4873
4816
4454
4440
4476
4473
4467
4747
4747
4530
4513
4786
4692
4417
4420
4423
4426
4715
4720
4444
4446
4623
4721
4441
4452
4452
4732
4459
4494
4460
4449
4427
4609
4703
4420
4416
4432
4778
4882
4521
4504
4480
4758
4760
4788
4786
4469
4455
4739
4739
4493
4484
4739
4770
4493
4530
4493
4718
4746
4456
4457
4689
4689
4457
4457
4457
4693
4693
4457
4457
4689
4690
4474
4474
4462
4596
4688
4704
4469
4469
4590
4687
4455
4451
4617
4674
4459
4454
4636
4697
4465
4467
4466
4714
4831
4628
4528
4625
4892
4887
4601
4584
4579
4523
4519
4504
4740
4529
4529
4527
4519
4754
4790
4879
4514
4524
4587
4819
4803
4561
4557
4537
4886
4722
4702
4529
4519
4735
4767
4548
4537
4506
4515
4507
4506
4738
4736
4497
4498
4714
4714
4509
4507
4673
4673
4409
4403
4619
4632
4417
4422
4423
4651
4420
4405
4531
4793
4561
4561
4561
4793
4793
4561
4561
4561
4561
4777
4777
4561
4561
4561
4793
4793
4793
4561
4561
4747
4797
4797
4561
4561
4561
4561
4695
4793
4561
4561
4413
4708
4619
4375
4389
4377
4557
4420
4563
4815
4781
4756
4976
5031
4796
4798
4951
5005
5200
4927
4879
4751
4525
4955
4880
4776
4533
4648
4918
4913
4891
4578
4578
4577
4801
4801
4812
4578
4633
4722
4844
4837
4515
4505
4502
4500
4824
4580
4563
4554
4536
4855
4598
4575
4552
4909
4878
4546
4524
4630
4930
4861
4539
4541
4707
4856
4538
4543
4814
4860
4538
4538
4552
4874
4870
4870
4595
4623
4924
4859
4849
4523
4518
4509
4512
4825
4834
4838
4515
4513
4824
4824
4837
4511
4507
4507
4824
4828
4505
4506
4776
4822
4507
4658
4633
5015
5305
4740
4686
4670
4722
4982
4971
4595
4541
4543
4545
4541
4769
4865
4534
4534
4538
4538
4854
4854
4534
4538
4538
4534
4856
4856
4538
4538
4534
4854
4534
4533
4527
4702
4849
4526
4522
4616
4925
5022
4656
4657
4660
4880
4998
4667
4653
4653
4964
4965
4666
4666
4670
4642
4883
4883
4862
4517
4509
4820
4813
4493
4493
4493
4720
4504
4503
4502
4624
4711
4505
4511
4725
4716
4492
4492
4506
4501
4716
4710
4492
4615
4716
4495
4508
4662
4567
4566
4565
4863
4849
4571
4587
4619
4839
4776
4535
4543
4699
4705
4695
4536
4537
4542
4528
4737
4734
4518
4525
4525
4515
4633
4726
4510
4510
4510
4514
4732
4732
4515
4634
4726
4521
4549
4542
4621
4876
4852
4579
4670
4699
4718
4927
4651
4704
4741
4812
4571
4560
4554
4552
4550
4764
4547
4544
4524
4519
4729
4733
4504
4512
4512
4511
4517
4725
4728
4513
4508
4508
4626
4732
4540
4663
4673
4662
4852
4851
4637
4640
4673
4911
4819
4604
4700
4685
4879
4846
4606
4680
4682
4661
4879
4862
4861
4645
4639
4637
4649
4870
4654
4656
4678
4898
4873
4665
4696
4878
4868
4674
4612
4601
4575
4605
4574
4564
4885
4606
4614
4615
4609
4609
4609
4609
4609
4613
4889
4896
4625
4585
4576
4817
4891
4607
4602
4560
4840
4607
4603
4601
4750
4860
4580
4582
4824
4874
4594
4593
4588
4583
4767
4861
4575
4575
4855
4862
4862
4583
4585
4583
4863
4583
4583
4583
4863
4583
4582
4862
4863
4583
4583
4608
4878
4871
4586
4580
4579
4859
4856
4576
4576
4617
4591
4867
4866
4601
4593
4606
4867
4604
4587
4583
4594
4864
4872
4586
4590
4585
4589
4588
4887
4888
4591
4596
4594
4607
4887
4871
4855
4858
4575
4576
4570
4567
4566
4566
4845
4851
4846
4566
4564
4562
4565
4845
4562
4562
4562
4570
4573
4571
4849
4565
4571
4571
4566
4564
4746
4857
4572
4572
4570
4846
4849
4850
4570
4568
4564
4569
4565
4845
4844
4564
4569
4565
4565
4847
4853
4569
4680
4727
4704
4579
4908
4882
4749
4776
4826
5023
5100
5054
4759
4756
4754
4751
4754
4754
5034
5031
5031
4751
4751
4751
5034
5036
5036
4754
4752
4751
4751
4754
4754
4754
5031
4751
4754
4754
4759
4752
4773
5051
5055
4767
4762
4757
5038
5051
5060
5056
4766
4757
4757
4762
4772
4767
5038
5035
4773
4767
4763
4762
5042
5042
4766
4772
4770
4759
4759
4767
5040
5037
4759
4764
4765
4761
5036
5036
4756
4764
4758
4761
4764
4773
5051
5049
4758
4764
4755
5054
5056
4769
4747
4743
4743
4752
4754
4980
5026
5022
4741
4741
4741
4741
4741
4741
4741
5021
5021
4741
4741
4741
4741
4741
5021
5021
5021
4741
4741
4741
4741
4741
4741
5025
5025
4741
4741
4741
4741
4741
4741
5021
5021
4741
4741
4741
4923
4741
4741
4741
4741
4741
4741
4741
5021
4741
4741
4741
4741
4957
4957
4741
4754
4747
4741
4741
4955
4961
4741
4741
4742
4742
4762
4970
4973
4997
4782
4782
4782
4782
4783
4783
5004
5001
4783
4781
4781
4781
4784
4786
4785
4785
5000
4784
4784
4782
4781
5003
5000
4789
4785
4784
4782
5001
4785
4681
4679
4682
4682
4681
4911
4913
4681
4681
4679
4679
4681
4679
4911
4911
4679
4678
4682
4682
4681
4682
4681
4681
4820
4916
4679
4679
4679
4684
4681
4681
4897
4897
4679
4677
4680
4680
4680
4679
4679
4679
4679
4895
4895
4679
4682
4679
4679
4679
4679
4895
4679
4677
4685
4684
4683
4681
4681
4681
4681
4897
4680
4680
4679
4679
4679
4679
4679
4679
4679
4895
4680
4677
4677
4680
4895
4679
4679
4679
4680
4682
4681
4913
4918
4680
4680
4680
4846
4896
4679
4679
4679
4682
4897
4681
4679
4680
4848
4898
4682
4679
4682
4682
4847
4897
4680
4679
4915
4917
4701
4696
4698
5039
5063
4706
4694
4690
4910
4705
4699
4686
4690
4696
4769
5067
5044
4808
4718
4874
4653
4631
4630
4623
4621
4840
4836
4621
4636
4708
4799
4761
4753
4619
4500
1899
1907
1901
1898
1898
1910
