3742
3742
3740
3739
3739
3751
3747
3751
3749
3745
3746
3742
3760
3757
3660
3658
3646
3645
3647
3645
3658
3646
3663
3647
3647
3645
3645
3645
3656
3963
4169
4103
3946
3959
3933
3931
3899
3993
3970
3921
3928
3925
3927
4087
4036
4715
6985
5462
5458
5458
5458
5458
5470
3877
3878
3879
3879
3879
3879
3879
3879
3879
3879
3879
3879
3879
3879
3879
3879
3879
3879
3879
3879
3879
3879
3879
3879
3879
3879
3879
3879
3879
3879
3879
3879
3879
3879
3879
3879
3879
3879
3879
3879
3879
3879
3879
3879
3879
3879
3879
3879
3879
3879
3881
3883
3740
3753
3793
3765
3767
3758
3755
3752
3752
3757
3763
3779
3781
3770
3758
3757
3757
3756
3754
3762
3761
3759
3778
3768
3766
3782
3776
3770
3769
3767
3767
3767
3767
3771
3777
3778
3770
3769
3768
3770
3773
3773
3771
3771
3770
3780
3771
3770
3768
3767
3773
3768
3768
3815
3784
3778
3766
3769
3829
3783
3783
3774
3773
3770
3771
3771
3771
3777
3776
3774
3773
3771
3771
3771
3771
3770
3784
3783
3774
3773
3767
3768
3768
3768
3768
3767
3768
3768
3767
3770
3791
3770
3770
3767
3767
3787
3862
6062
6069
6070
6061
6072
6081
6084
6075
6074
6093
6077
6079
6075
6077
6077
6079
6083
6085
6103
6096
6099
6117
6100
6105
6109
6118
6121
6120
6122
6121
6138
6124
6126
6125
6137
6143
6136
6162
6144
6139
6144
6148
6153
6145
6158
6208
6223
6219
6218
6217
6213
6447
6447
6167
6167
6167
6167
6167
6431
6151
6151
6151
6156
6436
6434
6151
6151
6151
6165
6159
6154
6439
6443
6140
6139
6156
6330
6437
6148
6146
6144
6157
6150
6429
6428
6427
6146
6147
6148
6431
6430
6430
6446
6153
6150
6148
6150
6439
6436
6430
6430
6159
6190
6262
6885
7079
7044
4529
4260
4243
4243
4249
4525
4473
4184
4164
4172
4432
4152
4147
4145
4155
4155
4424
4149
4139
4161
4164
4390
4142
4142
4143
4144
4445
4228
4224
4229
4226
4226
4252
4490
4487
4240
4250
4254
4465
4249
4245
4242
4244
4470
4471
4235
4256
4250
4485
4262
4254
4249
4237
4482
4474
4230
4232
4236
4420
4482
4256
4244
4240
4234
4233
4476
4471
4467
4233
4233
4233
4233
4471
4467
4466
4466
4234
4232
4234
4243
4239
4503
4500
4233
4240
4236
4457
4552
4232
4262
4253
4352
4367
4614
4608
4607
4273
4268
4272
4275
4263
4596
4604
4596
4275
4325
4322
4645
4660
4333
4336
4372
4359
4579
4667
4660
4347
4368
4211
4201
4175
4489
4480
4482
4184
4178
4183
4393
4177
4176
4176
4177
4177
4295
4393
4177
4177
4177
4345
4345
4177
4176
4176
4192
4186
4402
4397
4180
4178
4178
4179
4180
4396
4427
4438
4188
4328
4333
4554
4549
4333
4332
4332
4332
4547
4645
5004
5005
4789
4992
5239
5498
5522
5802
5802
5522
5525
5559
5563
4226
4501
4229
4230
4216
4224
4444
4159
4176
4185
4214
4225
4491
4496
4196
4196
4189
4469
4192
4190
4190
4188
4195
4474
4474
4192
4192
4196
4476
4474
4194
4193
4196
4194
4194
4478
4197
4199
4225
4420
4373
4081
4087
4059
4125
4473
4485
4193
4165
4174
4205
4204
4473
4448
4166
4165
4161
4374
4378
4178
4172
4172
4175
4172
4389
4446
4224
4200
4194
4194
4410
4407
4191
4191
4186
4183
4393
4389
4173
4173
4174
4401
4401
4169
4169
4169
4169
4385
4169
4169
4172
4172
4172
4388
4172
4172
4556
4936
4936
4933
4169
4172
4172
4172
4172
4936
4933
4933
4169
4172
4172
4936
4936
4172
4172
4172
4169
4167
4934
4934
4934
4170
4173
4171
4935
4908
4142
4145
4142
4142
4146
4583
4908
4908
4144
4147
4147
4147
4913
4913
4149
4146
4146
4146
4146
4910
4910
4146
4146
4146
4917
4917
4914
4146
4146
4146
4146
4428
4532
4146
4146
4146
4146
4402
4532
4146
4145
4146
4532
4146
4146
4146
4143
4146
4558
4146
4146
4146
4402
4532
4532
4532
4146
4146
4146
4146
4430
4430
4430
4146
4146
4146
4146
4426
4426
4146
4146
4146
4424
4426
4426
4146
4143
4146
4146
4328
4426
4426
4426
4146
4146
4146
4378
4378
4378
4149
4149
4157
4150
4148
4428
4426
4150
4148
4314
4365
4149
4149
4373
4471
4471
4149
4149
4149
4149
4519
4519
4519
4161
4157
4367
4365
4365
4365
4365
4149
4149
4149
4365
4365
4365
4365
4149
4149
4383
4433
4146
4146
4149
4429
4149
4148
4364
4148
4148
4148
4380
4148
4148
4148
4380
4380
4148
4148
4148
4802
4912
4148
4148
4148
4148
4148
4694
4912
4148
4146
4146
4146
4749
4913
4148
4148
4148
4148
4148
4148
4148
4560
4148
4148
4148
4148
4148
4148
4148
4148
4551
4165
4148
4209
4237
4237
4237
4623
4237
4237
4237
4237
4237
4237
4237
4237
4623
4237
4237
4237
4237
4237
4237
4237
4237
4491
4623
4237
4237
4237
4237
4237
4237
4456
4136
4136
4136
4136
4136
4134
4134
4134
4134
4454
4454
4134
4134
4134
4134
4134
4134
4134
4134
4134
4134
4134
4134
4134
4134
4134
4454
4134
4134
4134
4134
4134
4134
4134
4134
4456
4134
4134
4134
4134
4134
4134
4350
4134
4134
4134
4134
4134
4134
4134
4134
4134
4252
4350
4134
4134
4134
4134
4134
4134
4414
4414
4414
4414
4414
4134
4134
4134
4134
4010
4010
4010
1412
1412
1412
